// Jest Snapshot v1, https://goo.gl/fbAQLP

exports[`Test del componente <GifGridItem /> should renderizar el componente correctamente 1`] = `
<div
  className="card animate__animated animate__fadeInLeft"
>
  <img
    alt="Titulo de string"
    src="https://localhost/direccion-en-url.jpg"
  />
  <p>
    Titulo de string
  </p>
</div>
`;
